Microsoft Windows [Version 10.0.19045.5737]
(c) Microsoft Corporation. All rights reserved.

C:\Users\USER>cd downloads

C:\Users\USER\Downloads>git --v
unknown option: --v
usage: git [-v | --version] [-h | --help] [-C <path>] [-c <name>=<value>]
           [--exec-path[=<path>]] [--html-path] [--man-path] [--info-path]
           [-p | --paginate | -P | --no-pager] [--no-replace-objects] [--no-lazy-fetch]
           [--no-optional-locks] [--no-advice] [--bare] [--git-dir=<path>]
           [--work-tree=<path>] [--namespace=<name>] [--config-env=<name>=<envvar>]
           <command> [<args>]

C:\Users\USER\Downloads>git status
fatal: not a git repository (or any of the parent directories): .git

C:\Users\USER\Downloads>cd task4

C:\Users\USER\Downloads\task4>git init
Initialized empty Git repository in C:/Users/USER/Downloads/task4/.git/

C:\Users\USER\Downloads\task4>git add .
warning: in the working copy of 'index.html', LF will be replaced by CRLF the next time Git touches it
warning: in the working copy of 'styles/style.css', LF will be replaced by CRLF the next time Git touches it

C:\Users\USER\Downloads\task4>git status
On branch master

No commits yet

Changes to be committed:
  (use "git rm --cached <file>..." to unstage)
        new file:   README.md
        new file:   commands.txt
        new file:   images/arrow.png
        new file:   images/blog1.png
        new file:   images/blog2.png
        new file:   images/blog3.png
        new file:   images/clubs.png
        new file:   images/event bookings.png
        new file:   images/hero.png
        new file:   images/icon1.png
        new file:   images/icon2.png
        new file:   images/icon3.png
        new file:   images/ii.png
        new file:   images/insta.png
        new file:   images/logo.png
        new file:   images/logo1.png
        new file:   images/logo2.png
        new file:   images/logo3.png
        new file:   images/logo4.png
        new file:   images/logo5.png
        new file:   images/logo6.png
        new file:   images/logo7.png
        new file:   images/members.png
        new file:   images/payment.png
        new file:   images/story1.png
        new file:   images/story2.png
        new file:   images/testimonial.png
        new file:   images/twitter.png
        new file:   images/youtube.png
        new file:   index.html
        new file:   styles/style.css


C:\Users\USER\Downloads\task4>git commit -m "chore: initial website structure with README and index.html"
[master (root-commit) 91dd131] chore: initial website structure with README and index.html
 31 files changed, 837 insertions(+)
 create mode 100644 README.md
 create mode 100644 commands.txt
 create mode 100644 images/arrow.png
 create mode 100644 images/blog1.png
 create mode 100644 images/blog2.png
 create mode 100644 images/blog3.png
 create mode 100644 images/clubs.png
 create mode 100644 images/event bookings.png
 create mode 100644 images/hero.png
 create mode 100644 images/icon1.png
 create mode 100644 images/icon2.png
 create mode 100644 images/icon3.png
 create mode 100644 images/ii.png
 create mode 100644 images/insta.png
 create mode 100644 images/logo.png
 create mode 100644 images/logo1.png
 create mode 100644 images/logo2.png
 create mode 100644 images/logo3.png
 create mode 100644 images/logo4.png
 create mode 100644 images/logo5.png
 create mode 100644 images/logo6.png
 create mode 100644 images/logo7.png
 create mode 100644 images/members.png
 create mode 100644 images/payment.png
 create mode 100644 images/story1.png
 create mode 100644 images/story2.png
 create mode 100644 images/testimonial.png
 create mode 100644 images/twitter.png
 create mode 100644 images/youtube.png
 create mode 100644 index.html
 create mode 100644 styles/style.css

C:\Users\USER\Downloads\task4>it remote add origin https://github.com/Amaal77/task4.git
'it' is not recognized as an internal or external command,
operable program or batch file.

C:\Users\USER\Downloads\task4>git remote add origin https://github.com/Amaal77/task4.git

C:\Users\USER\Downloads\task4>git branch -M main

C:\Users\USER\Downloads\task4>git push -u origin main
info: please complete authentication in your browser...
remote: Permission to Amaal77/task4.git denied to amaal-darwich.
fatal: unable to access 'https://github.com/Amaal77/task4.git/': The requested URL returned error: 403

C:\Users\USER\Downloads\task4>git config --global user.name "Amaal77"

C:\Users\USER\Downloads\task4>git config --global user.email "darwichamaal@gmail.com"

C:\Users\USER\Downloads\task4>gh auth login
'gh' is not recognized as an internal or external command,
operable program or batch file.

C:\Users\USER\Downloads\task4>Permission denied to amaal-darwich
'Permission' is not recognized as an internal or external command,
operable program or batch file.

C:\Users\USER\Downloads\task4>Permission denied to amaal-darwich
'Permission' is not recognized as an internal or external command,
operable program or batch file.

C:\Users\USER\Downloads\task4>Permission denied to amaal-darwich error 403
'Permission' is not recognized as an internal or external command,
operable program or batch file.

C:\Users\USER\Downloads\task4>control /name Microsoft.CredentialManager

C:\Users\USER\Downloads\task4>git push -u origin main
remote: Permission to Amaal77/task4.git denied to Amaal77.
fatal: unable to access 'https://github.com/Amaal77/task4.git/': The requested URL returned error: 403

C:\Users\USER\Downloads\task4>git push -u origin main
Enumerating objects: 33, done.
Counting objects: 100% (33/33), done.
Delta compression using up to 4 threads
Compressing objects: 100% (31/31), done.
Writing objects: 100% (33/33), 2.76 MiB | 184.00 KiB/s, done.
Total 33 (delta 0), reused 0 (delta 0), pack-reused 0 (from 0)
To https://github.com/Amaal77/task4.git
 * [new branch]      main -> main
branch 'main' set up to track 'origin/main'.

C:\Users\USER\Downloads\task4>
